Traceback (most recent call last):
  File "C:\Users\Rizal Maulana\AppData\Local\Packages\PythonSoftwareFoundation.Python.3.13_qbz5n2kfra8p0\LocalCache\local-packages\Python313\site-packages\jupyter_cache\executors\utils.py", line 58, in single_nb_execution
    executenb(
    ~~~~~~~~~^
        nb,
        ^^^
    ...<4 lines>...
        **kwargs,
        ^^^^^^^^^
    )
    ^
  File "C:\Users\Rizal Maulana\AppData\Local\Packages\PythonSoftwareFoundation.Python.3.13_qbz5n2kfra8p0\LocalCache\local-packages\Python313\site-packages\nbclient\client.py", line 1323, in execute
    return NotebookClient(nb=nb, resources=resources, km=km, **kwargs).execute()
           ~~~~~~~~~~~~~~~~~~~~~~~~~~~~~~~~~~~~~~~~~~~~~~~~~~~~~~~~~~~~~~~~~~~^^
  File "C:\Users\Rizal Maulana\AppData\Local\Packages\PythonSoftwareFoundation.Python.3.13_qbz5n2kfra8p0\LocalCache\local-packages\Python313\site-packages\jupyter_core\utils\__init__.py", line 165, in wrapped
    return loop.run_until_complete(inner)
           ~~~~~~~~~~~~~~~~~~~~~~~^^^^^^^
  File "C:\Program Files\WindowsApps\PythonSoftwareFoundation.Python.3.13_3.13.3824.0_x64__qbz5n2kfra8p0\Lib\asyncio\base_events.py", line 725, in run_until_complete
    return future.result()
           ~~~~~~~~~~~~~^^
  File "C:\Users\Rizal Maulana\AppData\Local\Packages\PythonSoftwareFoundation.Python.3.13_qbz5n2kfra8p0\LocalCache\local-packages\Python313\site-packages\nbclient\client.py", line 709, in async_execute
    await self.async_execute_cell(
        cell, index, execution_count=self.code_cells_executed + 1
    )
  File "C:\Users\Rizal Maulana\AppData\Local\Packages\PythonSoftwareFoundation.Python.3.13_qbz5n2kfra8p0\LocalCache\local-packages\Python313\site-packages\nbclient\client.py", line 1062, in async_execute_cell
    await self._check_raise_for_error(cell, cell_index, exec_reply)
  File "C:\Users\Rizal Maulana\AppData\Local\Packages\PythonSoftwareFoundation.Python.3.13_qbz5n2kfra8p0\LocalCache\local-packages\Python313\site-packages\nbclient\client.py", line 918, in _check_raise_for_error
    raise CellExecutionError.from_cell_and_msg(cell, exec_reply_content)
nbclient.exceptions.CellExecutionError: An error occurred while executing the following cell:
------------------
## Hasil Akhir Matriks Translasi

 Diketahui
- A = (2, 3) → B = (2, 1)  
- B = (2, 1) → C = (4, 1)  
- D = (2, 4) → E = (2, 0)  
- E = (2, 0) → F = (4, 0)  

---

##  Matriks Translasi
 A → B
$$
T_{A \to B} =
\begin{bmatrix}
1 & 0 & 0 \\
0 & 1 & -2 \\
0 & 0 & 1
\end{bmatrix}
$$

Hasil:
$$
(2,3) \rightarrow (2,1)
$$


 B → C
$$
T_{B \to C} =
\begin{bmatrix}
1 & 0 & 2 \\
0 & 1 & 0 \\
0 & 0 & 1
\end{bmatrix}
$$

Hasil:
$$
(2,1) \rightarrow (4,1)
$$

 D → E
$$
T_{D \to E} =
\begin{bmatrix}
1 & 0 & 0 \\
0 & 1 & -4 \\
0 & 0 & 1
\end{bmatrix}
$$

Hasil:
$$
(2,4) \rightarrow (2,0)
$$

 E → F
$$
T_{E \to F} =
\begin{bmatrix}
1 & 0 & 2 \\
0 & 1 & 0 \\
0 & 0 & 1
\end{bmatrix}
$$

Hasil:
$$
(2,0) \rightarrow (4,0)
$$


##  Kesimpulan
Hasil akhir transformasi:
- A → B = (2,1)  
- B → C = (4,1)  
- D → E = (2,0)  
- E → F = (4,0)  

Semua transformasi merupakan **translasi (pergeseran)**.
------------------


  [36mCell[39m[36m [39m[32mIn[3][39m[32m, line 3[39m
[31m    [39m[31mDiketahui[39m
    ^
[31mIndentationError[39m[31m:[39m unexpected indent


